........................................................................ [  6%]
........................................................................ [ 13%]
........................................................................ [ 19%]
........................................................................ [ 26%]
........................................................................ [ 32%]
........................................................................ [ 39%]
........................................................................ [ 45%]
........................................................................ [ 52%]
........................................................................ [ 59%]
........................................................................ [ 65%]
........................................................................ [ 72%]
........................ss.............................................. [ 78%]
........................................................................ [ 85%]
.............................ss......................................... [ 91%]
........................................................................ [ 98%]
.................                                                        [100%]
=========================== short test summary info ===========================
SKIPPED [1] tests\test_evidentia_real_binary_smoke.py:99: evidentia binary not on PATH; opt-in smoke test skipped
SKIPPED [1] tests\test_evidentia_real_binary_smoke.py:108: evidentia binary not on PATH; opt-in smoke test skipped
SKIPPED [1] tests\test_scenario_directory_investigation.py:87: evidentia binary not on PATH; opt-in scenario test skipped
SKIPPED [1] tests\test_scenario_directory_investigation.py:199: evidentia binary not on PATH; opt-in scenario test skipped
